---
source: tests/macros.rs
input_file: tests/sabry_output/scopes/repeating_selector_sass.css
---
.xm0JxM8Vqpg.el1 {
  color: red;
}

.xm0JxM8Vqpg.el1-mob {
  color: #00f;
}

.xm0JxM8Vqpg.el1__blist {
  list-style: none;
}

.xm0JxM8Vqpg.el2 {
  color: #fff;
}

.xm0JxM8Vqpg.el2-mob {
  color: #000;
}

.xm0JxM8Vqpg.el2__blist {
  background: #fff;
}

.xm0JxM8Vqpg.el2__blist-mob {
  background: #000;
}
