---
source: tests/macros.rs
assertion_line: 172
input_file: tests/sabry_output/scopes/use_forwarded_sass.css
snapshot_kind: text
---
.qK4fsMeZRSTGObSesXXRBA.coated {
  color: #c6c6c6;
  background-color: #0ff;
  color: #fff;
  background-color: green;
}

.qK4fsMeZRSTGObSesXXRBA.coated:after {
  content: "Colored";
  color: green;
  background-color: #00f;
}

.qK4fsMeZRSTGObSesXXRBA.coated:after:hover {
  transform: scale(2);
}

.qK4fsMeZRSTGObSesXXRBA.coated:hover {
  transform: translateX(10%);
}

.qK4fsMeZRSTGObSesXXRBA.coated:after {
  content: "Colored";
  color: #000;
  background-color: #00f;
}

.qK4fsMeZRSTGObSesXXRBA.coated:after:hover {
  transform: scale(2);
}

.qK4fsMeZRSTGObSesXXRBA.coated:hover {
  transform: translateX(10%);
}

.qK4fsMeZRSTGObSesXXRBA.coated-dark {
  color: #c6c6c6;
  background-color: #0ff;
}

.qK4fsMeZRSTGObSesXXRBA.coated-dark:after {
  content: "Colored";
  color: red;
  background-color: #00f;
}

.qK4fsMeZRSTGObSesXXRBA.coated-dark:after:hover {
  transform: scale(2);
}

.qK4fsMeZRSTGObSesXXRBA.coated-dark:hover {
  transform: translateX(10%);
}

.qK4fsMeZRSTGObSesXXRBA.coated-dark a.qK4fsMeZRSTGObSesXXRBA {
  color: #c6c6c6;
  background-color: #0ff;
}

.qK4fsMeZRSTGObSesXXRBA.coated-dark a.qK4fsMeZRSTGObSesXXRBA:after {
  content: "Colored";
  color: #00f;
  background-color: #00f;
}

.qK4fsMeZRSTGObSesXXRBA.coated-dark a.qK4fsMeZRSTGObSesXXRBA:after:hover {
  transform: scale(2);
}

.qK4fsMeZRSTGObSesXXRBA.coated-dark a.qK4fsMeZRSTGObSesXXRBA:hover {
  transform: translateX(10%);
}

.qK4fsMeZRSTGObSesXXRBA.coated-dark a.qK4fsMeZRSTGObSesXXRBA img.qK4fsMeZRSTGObSesXXRBA {
  color: #fff;
  background-color: green;
}

.qK4fsMeZRSTGObSesXXRBA.coated-dark a.qK4fsMeZRSTGObSesXXRBA img.qK4fsMeZRSTGObSesXXRBA:after {
  content: "Colored";
  color: #000;
  background-color: #00f;
}

.qK4fsMeZRSTGObSesXXRBA.coated-dark a.qK4fsMeZRSTGObSesXXRBA img.qK4fsMeZRSTGObSesXXRBA:after:hover {
  transform: scale(2);
}

.qK4fsMeZRSTGObSesXXRBA.coated-dark a.qK4fsMeZRSTGObSesXXRBA img.qK4fsMeZRSTGObSesXXRBA:hover {
  transform: translateX(10%);
}

.qK4fsMeZRSTGObSesXXRBA.coated span.qK4fsMeZRSTGObSesXXRBA {
  color: #c6c6c6;
  background-color: #0ff;
  display: block;
}

.qK4fsMeZRSTGObSesXXRBA.coated span.qK4fsMeZRSTGObSesXXRBA:after {
  content: "Colored";
  color: green;
  background-color: #00f;
}

.qK4fsMeZRSTGObSesXXRBA.coated span.qK4fsMeZRSTGObSesXXRBA:after:hover {
  transform: scale(2);
}

.qK4fsMeZRSTGObSesXXRBA.coated span.qK4fsMeZRSTGObSesXXRBA:hover {
  transform: translateX(10%);
}
