---
source: tests/macros.rs
input_file: tests/sabry_output/scopes/module_usage_sass.css
---
.nKenbAxSNs.coated {
  color: #c6c6c6;
  background-color: #0ff;
  color: #fff;
  background-color: green;
}

.nKenbAxSNs.coated:after {
  content: "Colored";
  color: green;
  background-color: #00f;
}

.nKenbAxSNs.coated:after:hover {
  transform: scale(2);
}

.nKenbAxSNs.coated:hover {
  transform: translateX(10%);
}

.nKenbAxSNs.coated:after {
  content: "Colored";
  color: #000;
  background-color: #00f;
}

.nKenbAxSNs.coated:after:hover {
  transform: scale(2);
}

.nKenbAxSNs.coated:hover {
  transform: translateX(10%);
}

.nKenbAxSNs.coated-dark {
  color: #c6c6c6;
  background-color: #0ff;
}

.nKenbAxSNs.coated-dark:after {
  content: "Colored";
  color: red;
  background-color: #00f;
}

.nKenbAxSNs.coated-dark:after:hover {
  transform: scale(2);
}

.nKenbAxSNs.coated-dark:hover {
  transform: translateX(10%);
}

.nKenbAxSNs.coated-dark a.nKenbAxSNs {
  color: #c6c6c6;
  background-color: #0ff;
}

.nKenbAxSNs.coated-dark a.nKenbAxSNs:after {
  content: "Colored";
  color: #00f;
  background-color: #00f;
}

.nKenbAxSNs.coated-dark a.nKenbAxSNs:after:hover {
  transform: scale(2);
}

.nKenbAxSNs.coated-dark a.nKenbAxSNs:hover {
  transform: translateX(10%);
}

.nKenbAxSNs.coated-dark a.nKenbAxSNs img.nKenbAxSNs {
  color: #fff;
  background-color: green;
}

.nKenbAxSNs.coated-dark a.nKenbAxSNs img.nKenbAxSNs:after {
  content: "Colored";
  color: #000;
  background-color: #00f;
}

.nKenbAxSNs.coated-dark a.nKenbAxSNs img.nKenbAxSNs:after:hover {
  transform: scale(2);
}

.nKenbAxSNs.coated-dark a.nKenbAxSNs img.nKenbAxSNs:hover {
  transform: translateX(10%);
}

.nKenbAxSNs.coated span.nKenbAxSNs {
  color: #c6c6c6;
  background-color: #0ff;
  display: block;
}

.nKenbAxSNs.coated span.nKenbAxSNs:after {
  content: "Colored";
  color: green;
  background-color: #00f;
}

.nKenbAxSNs.coated span.nKenbAxSNs:after:hover {
  transform: scale(2);
}

.nKenbAxSNs.coated span.nKenbAxSNs:hover {
  transform: translateX(10%);
}
