---
source: tests/macros.rs
input_file: tests/sabry_output/scopes/use_forwarded_sass.css
---
.dGuHauwffw.coated {
  color: #c6c6c6;
  background-color: #0ff;
  color: #fff;
  background-color: green;
}

.dGuHauwffw.coated:after {
  content: "Colored";
  color: green;
  background-color: #00f;
}

.dGuHauwffw.coated:after:hover {
  transform: scale(2);
}

.dGuHauwffw.coated:hover {
  transform: translateX(10%);
}

.dGuHauwffw.coated:after {
  content: "Colored";
  color: #000;
  background-color: #00f;
}

.dGuHauwffw.coated:after:hover {
  transform: scale(2);
}

.dGuHauwffw.coated:hover {
  transform: translateX(10%);
}

.dGuHauwffw.coated-dark {
  color: #c6c6c6;
  background-color: #0ff;
}

.dGuHauwffw.coated-dark:after {
  content: "Colored";
  color: red;
  background-color: #00f;
}

.dGuHauwffw.coated-dark:after:hover {
  transform: scale(2);
}

.dGuHauwffw.coated-dark:hover {
  transform: translateX(10%);
}

.dGuHauwffw.coated-dark a.dGuHauwffw {
  color: #c6c6c6;
  background-color: #0ff;
}

.dGuHauwffw.coated-dark a.dGuHauwffw:after {
  content: "Colored";
  color: #00f;
  background-color: #00f;
}

.dGuHauwffw.coated-dark a.dGuHauwffw:after:hover {
  transform: scale(2);
}

.dGuHauwffw.coated-dark a.dGuHauwffw:hover {
  transform: translateX(10%);
}

.dGuHauwffw.coated-dark a.dGuHauwffw img.dGuHauwffw {
  color: #fff;
  background-color: green;
}

.dGuHauwffw.coated-dark a.dGuHauwffw img.dGuHauwffw:after {
  content: "Colored";
  color: #000;
  background-color: #00f;
}

.dGuHauwffw.coated-dark a.dGuHauwffw img.dGuHauwffw:after:hover {
  transform: scale(2);
}

.dGuHauwffw.coated-dark a.dGuHauwffw img.dGuHauwffw:hover {
  transform: translateX(10%);
}

.dGuHauwffw.coated span.dGuHauwffw {
  color: #c6c6c6;
  background-color: #0ff;
  display: block;
}

.dGuHauwffw.coated span.dGuHauwffw:after {
  content: "Colored";
  color: green;
  background-color: #00f;
}

.dGuHauwffw.coated span.dGuHauwffw:after:hover {
  transform: scale(2);
}

.dGuHauwffw.coated span.dGuHauwffw:hover {
  transform: translateX(10%);
}
