---
source: tests/macros.rs
input_file: tests/sabry_output/scopes/repeating_selector_scss.css
---
.wCmhvw6X7vw.el1 {
  color: red;
}

.wCmhvw6X7vw.el1-mob {
  color: #00f;
}

.wCmhvw6X7vw.el1__blist {
  list-style: none;
}

.wCmhvw6X7vw.el1.wCmhvw6X7vw.sub {
  margin: 0;
}

.wCmhvw6X7vw.bus .wCmhvw6X7vw.el1 {
  padding: 0;
}

.wCmhvw6X7vw.el2 {
  color: #fff;
}

.wCmhvw6X7vw.el2-mob {
  color: #000;
}

.wCmhvw6X7vw.el2__blist {
  background: #fff;
}

.wCmhvw6X7vw.el2__blist-mob {
  background: #000;
}

.wCmhvw6X7vw.el2.wCmhvw6X7vw.sub {
  margin: 0;
}

.wCmhvw6X7vw.el2 .wCmhvw6X7vw.bus {
  margin: 0;
}
