---
source: tests/macros.rs
input_file: tests/sabry_output/scopes/sole_code_scss.css
---
.n3N0gcUIyf7I.fuzz {
  background-color: red;
  display: block;
}

.n3N0gcUIyf7I.fuzz-dark {
  background-color: #000;
  color: #fff;
}

.n3N0gcUIyf7I.fuzz-dark a.n3N0gcUIyf7I {
  text-transform: uppercase;
}

.n3N0gcUIyf7I.fuzz-dark a.n3N0gcUIyf7I img.n3N0gcUIyf7I {
  position: absolute;
  top: 0;
  left: 10rem;
}

.n3N0gcUIyf7I.fuzz span.n3N0gcUIyf7I {
  position: relative;
  display: grid;
  grid-template-areas: "a b c"
                       "d e f"
                       "x x x";
  display: block;
}
