---
source: tests/macros.rs
input_file: tests/sabry_output/scopes/sole_code_sass.css
---
.vnm6NZhBSSY.fuzz {
  background-color: red;
  display: block;
}

.vnm6NZhBSSY.fuzz-dark {
  background-color: #000;
  color: #fff;
}

.vnm6NZhBSSY.fuzz-dark a.vnm6NZhBSSY {
  text-transform: uppercase;
}

.vnm6NZhBSSY.fuzz-dark a.vnm6NZhBSSY img.vnm6NZhBSSY {
  position: absolute;
  top: 0;
  left: 10rem;
}

.vnm6NZhBSSY.fuzz span.vnm6NZhBSSY {
  position: relative;
  display: grid;
  grid-template-areas: "a b c"
                       "d e f"
                       "x x x";
  display: block;
}
