---
source: tests/macros.rs
input_file: tests/sabry_output/scopes/use_forwarded_scss.css
---
.h9QvS1beJbo.coated {
  color: #c6c6c6;
  background-color: #0ff;
  color: #fff;
  background-color: green;
}

.h9QvS1beJbo.coated:after {
  content: "Colored";
  color: green;
  background-color: #00f;
}

.h9QvS1beJbo.coated:after:hover {
  transform: scale(2);
}

.h9QvS1beJbo.coated:hover {
  transform: translateX(10%);
}

.h9QvS1beJbo.coated:after {
  content: "Colored";
  color: #000;
  background-color: #00f;
}

.h9QvS1beJbo.coated:after:hover {
  transform: scale(2);
}

.h9QvS1beJbo.coated:hover {
  transform: translateX(10%);
}

.h9QvS1beJbo.coated-dark {
  color: #c6c6c6;
  background-color: #0ff;
}

.h9QvS1beJbo.coated-dark:after {
  content: "Colored";
  color: red;
  background-color: #00f;
}

.h9QvS1beJbo.coated-dark:after:hover {
  transform: scale(2);
}

.h9QvS1beJbo.coated-dark:hover {
  transform: translateX(10%);
}

.h9QvS1beJbo.coated-dark a.h9QvS1beJbo {
  color: #c6c6c6;
  background-color: #0ff;
}

.h9QvS1beJbo.coated-dark a.h9QvS1beJbo:after {
  content: "Colored";
  color: #00f;
  background-color: #00f;
}

.h9QvS1beJbo.coated-dark a.h9QvS1beJbo:after:hover {
  transform: scale(2);
}

.h9QvS1beJbo.coated-dark a.h9QvS1beJbo:hover {
  transform: translateX(10%);
}

.h9QvS1beJbo.coated-dark a.h9QvS1beJbo img.h9QvS1beJbo {
  color: #fff;
  background-color: green;
}

.h9QvS1beJbo.coated-dark a.h9QvS1beJbo img.h9QvS1beJbo:after {
  content: "Colored";
  color: #000;
  background-color: #00f;
}

.h9QvS1beJbo.coated-dark a.h9QvS1beJbo img.h9QvS1beJbo:after:hover {
  transform: scale(2);
}

.h9QvS1beJbo.coated-dark a.h9QvS1beJbo img.h9QvS1beJbo:hover {
  transform: translateX(10%);
}

.h9QvS1beJbo.coated span.h9QvS1beJbo {
  color: #c6c6c6;
  background-color: #0ff;
  display: block;
}

.h9QvS1beJbo.coated span.h9QvS1beJbo:after {
  content: "Colored";
  color: green;
  background-color: #00f;
}

.h9QvS1beJbo.coated span.h9QvS1beJbo:after:hover {
  transform: scale(2);
}

.h9QvS1beJbo.coated span.h9QvS1beJbo:hover {
  transform: translateX(10%);
}
